warning: 'send statistics to ...' is deprecated and will be removed in a future version, use 'statistics send to ...' instead
statistics
    submit every 60 seconds
    prefix with carbon.relays.test_hostname
    send to default
    stop
    ;

cluster default
    fnv1a_ch replication 1
        127.0.0.1:2103
    ;

match *
    send to default
    stop
    ;

